
========================================
Testing account: test@mail.com
========================================
  Logged in as test@mail.com. Role (DB): 'admin'
  Fetching links...

  --- Testing Link: 1sdk9od3pe38u7p (Current Active Status: ) ---
  Attempting to toggle Hijack ON...
  Status: 200 | Active after Patch: 
  Attempting to toggle Hijack OFF...
  Status: 200 | Active after Patch: 

  --- Testing Link: i7d468irqv7ef2z (Current Active Status: ) ---
  Attempting to toggle Hijack ON...
  Status: 200 | Active after Patch: 
  Attempting to toggle Hijack OFF...
  Status: 200 | Active after Patch: 

========================================
Testing account: testt@mail.com
========================================
  Logged in as testt@mail.com. Role (DB): 'admin'
  Fetching links...

  --- Testing Link: 1sdk9od3pe38u7p (Current Active Status: ) ---
  Attempting to toggle Hijack ON...
  Status: 200 | Active after Patch: 
  Attempting to toggle Hijack OFF...
  Status: 200 | Active after Patch: 

  --- Testing Link: i7d468irqv7ef2z (Current Active Status: ) ---
  Attempting to toggle Hijack ON...
  Status: 200 | Active after Patch: 
  Attempting to toggle Hijack OFF...
  Status: 200 | Active after Patch: 
